
=== TEST 1: Consecutive inline ===
Input: "nice:\n$v_i = 100$\n$v_f = 5$\n$d = 200$"
  [INLINE] pos 6-16: "v_i = 100"
  [INLINE] pos 18-26: "v_f = 5"
  [INLINE] pos 28-36: "d = 200"
Result: 3 equations
  1. (inline) v_i = 100
  2. (inline) v_f = 5
  3. (inline) d = 200

=== TEST 2: No newlines between inline ===
Input: "nice:$v_i = 100$$v_f = 5$$d = 200$"
  [INLINE] pos 5-15: "v_i = 100"
  [INLINE] pos 16-24: "v_f = 5"
  [INLINE] pos 25-33: "d = 200"
Result: 3 equations
  1. (inline) v_i = 100
  2. (inline) v_f = 5
  3. (inline) d = 200

=== TEST 3: True display math ===
Input: "acceleration $a$:\n$$v^2 = v_0^2 + 2ad$$\n$$a = \\frac{v^2}{2d}$$"
  [INLINE] pos 13-15: "a"
  [DISPLAY] pos 18: "v^2 = v_0^2 + 2ad..."
  [DISPLAY] pos 40: "a = \frac{v^2}{2d}..."
Result: 3 equations
  1. (inline) a
  2. (display) v^2 = v_0^2 + 2ad
  3. (display) a = \frac{v^2}{2d}

=== TEST 4: Mixed inline + display ===
Input: "nice:$v_i = 100$$v_f = 5$\nacceleration $a$:\n$$v^2 = v_0^2 + 2ad$$"
  [INLINE] pos 5-15: "v_i = 100"
  [INLINE] pos 16-24: "v_f = 5"
  [INLINE] pos 39-41: "a"
  [DISPLAY] pos 44: "v^2 = v_0^2 + 2ad..."
Result: 4 equations
  1. (inline) v_i = 100
  2. (inline) v_f = 5
  3. (inline) a
  4. (display) v^2 = v_0^2 + 2ad
